// Jest Snapshot v1, https://goo.gl/fbAQLP

exports[`<AddMonsterForm/> renders the UI as expected 1`] = `
<div
  className="add-monster-container"
>
  <h1>
    Add a new monster 
  </h1>
  <form
    id="add-monster-form"
    name="add-monster-form"
    onSubmit={[Function]}
  >
    <div
      className="form-description"
    >
      All fields are required. If monster has no weakness/strength/drop/steal, simply put N/A as the value for that field.
    </div>
    <p
      className="form-description"
    >
       When you add a monster, the field "Added by" will be added to your monster with your username.
    </p>
    <button
      onClick={[Function]}
      type="reset"
    >
      Not Interested
    </button>
    <div
      className="all-the-inputs"
    >
      <div
        className="input-w-label"
      >
        <label
          htmlFor="name"
        >
          Name
        </label>
        <input
          autoComplete="none"
          id="name"
          name="name"
          onChange={[Function]}
          required={true}
        />
      </div>
      <div
        className="input-w-label"
      >
        <label
          htmlFor="hp"
        >
          HP
        </label>
        <input
          autoComplete="none"
          id="hp"
          max={1000000}
          min={0}
          name="hp"
          onChange={[Function]}
          required={true}
          type="number"
        />
      </div>
      <div
        className="input-w-label"
      >
        <label
          htmlFor="mp"
        >
          MP
        </label>
        <input
          autoComplete="none"
          id="mp"
          max={20000}
          min={0}
          name="mp"
          onChange={[Function]}
          required={true}
          type="number"
        />
      </div>
      <div
        className="input-w-label"
      >
        <label
          htmlFor="exp"
        >
          EXP
        </label>
        <input
          autoComplete="none"
          id="exp"
          max={500000}
          min={0}
          name="exp"
          onChange={[Function]}
          required={true}
          type="number"
        />
      </div>
      <div
        className="input-w-label"
      >
        <label
          htmlFor="gil"
        >
          GIL
        </label>
        <input
          autoComplete="none"
          id="gil"
          max={200000}
          min={0}
          name="gil"
          onChange={[Function]}
          required={true}
          type="number"
        />
      </div>
      <div
        className="input-w-label"
      >
        <label
          htmlFor="strength"
        >
          Strength
        </label>
        <input
          autoComplete="none"
          defaultValue="N/A"
          id="strength"
          name="strength"
          onChange={[Function]}
          required={true}
        />
      </div>
      <div
        className="input-w-label"
      >
        <label
          htmlFor="weakness"
        >
          Weakness
        </label>
        <input
          autoComplete="none"
          defaultValue="N/A"
          id="weakness"
          name="weakness"
          onChange={[Function]}
          required={true}
        />
      </div>
      <div
        className="input-w-label"
      >
        <label
          htmlFor="location"
        >
          Location
        </label>
        <input
          autoComplete="none"
          id="location"
          name="location"
          onChange={[Function]}
          required={true}
        />
      </div>
      <div
        className="input-w-label"
      >
        <label
          htmlFor="level"
        >
          Level
        </label>
        <input
          autoComplete="none"
          id="level"
          max={99}
          min={0}
          name="level"
          onChange={[Function]}
          required={true}
          type="number"
        />
      </div>
      <div
        className="input-w-label"
      >
        <label
          htmlFor="drops"
        >
          Drops
        </label>
        <input
          autoComplete="none"
          defaultValue="N/A"
          id="drops"
          name="drops"
          onChange={[Function]}
          required={true}
        />
      </div>
      <div
        className="input-w-label"
      >
        <label
          htmlFor="steal"
        >
          Steal
        </label>
        <input
          autoComplete="none"
          defaultValue="N/A"
          id="steal"
          name="steal"
          onChange={[Function]}
          required={true}
        />
      </div>
      <div
        className="input-w-label"
      >
        <label
          htmlFor="enemy_skill"
        >
          Enemy Skill
        </label>
        <input
          autoComplete="none"
          defaultValue="N/A"
          id="enemy_skill"
          name="enemy_skill"
          onChange={[Function]}
          required={true}
        />
      </div>
    </div>
    
    <button
      type="submit"
    >
      OK, add it
    </button>
    <button
      onClick={[Function]}
      type="reset"
    >
      Not Interested
    </button>
  </form>
</div>
`;
