// Jest Snapshot v1, https://goo.gl/fbAQLP

exports[`<Config/> renders the UI as expected 1`] = `
<div
  className="config-menu"
  style={
    Object {
      "--LLC-Blue": "88",
      "--LLC-Green": "0",
      "--LLC-Red": "0",
      "--LRC-Blue": "32",
      "--LRC-Green": "0",
      "--LRC-Red": "0",
      "--ULC-Blue": "173",
      "--ULC-Green": "0",
      "--ULC-Red": "0",
      "--URC-Blue": "128",
      "--URC-Green": "0",
      "--URC-Red": "0",
    }
  }
>
  <nav>
    <div
      className="header-image-container"
    >
      <img
        alt="green orb of magic materia from final fantasy 7"
        className="materia-img"
        src="Magic_Materia.png"
      />
      <img
        alt="purple orb of complete materia from final fantasy 7"
        className="materia-img"
        src="Complete_Materia.png"
      />
      <img
        alt="yellow orb of command materia from final fantasy 7"
        className="materia-img"
        src="Command_Materia.png"
      />
      <img
        alt="blue orb of support materia from final fantasy 7"
        className="materia-img"
        src="Support_Materia.png"
      />
      <img
        alt="red orb of summoning materia from final fantasy 7"
        className="materia-img"
        src="Summoning_Materia.png"
      />
    </div>
    <ul>
      <li>
        <a
          href="/bestiary"
          onClick={[Function]}
        >
          Bestiary
        </a>
      </li>
      <li>
        <a
          href="/PHS"
          onClick={[Function]}
        >
          My PHS
        </a>
      </li>
      <li>
        <a
          href="/Config"
          onClick={[Function]}
        >
          Config
        </a>
      </li>
      <li>
        <a
          href="/"
          onClick={[Function]}
        >
          Login
        </a>
      </li>
    </ul>
  </nav>
  <p
    className="onboarding"
  >
    This is an experimental feature. Play around as you like and adjust the background color for this page just like in the original game! Have fun, and come back soon to see this implemented around the site.
  </p>
  <button
    className="input-group"
    onClick={[Function]}
    type="button"
    value="URC"
  >
    Adjust Upper Right Corner
  </button>
  
  <button
    className="input-group"
    onClick={[Function]}
    type="button"
    value="ULC"
  >
    Adjust Upper Left Corner
  </button>
  
  <button
    className="input-group"
    onClick={[Function]}
    type="button"
    value="LRC"
  >
    Adjust Lower Right Corner
  </button>
  
  <button
    className="input-group"
    onClick={[Function]}
    type="button"
    value="LLC"
  >
    Adjust Lower Left Corner
  </button>
  
</div>
`;
